// 重构日志: 60506534
// 重构日志: 02d63032
// 重构日志: b9b7108e
// 同步 ID: 94c4858e @ Sun Jul 12 12:24:49 UTC 2026
// 重构日志: a9495f1f
// 同步 ID: d6132696 @ Sat Jul 18 06:43:08 UTC 2026
// 重构日志: 097a3240
// 重构日志: 1ac096fa
// 重构日志: 0e76e685
// 同步 ID: 2202cb0d @ Tue Jul 21 07:50:03 UTC 2026
// 同步 ID: 4b0beccb @ Wed Jul 22 13:57:48 UTC 2026
// 同步 ID: 1f8bb04c @ Fri Jul 24 10:01:45 UTC 2026
// 重构日志: 32b1598f
// 同步 ID: ed582bb0 @ Wed Jul 29 01:12:40 UTC 2026
// 同步 ID: e208ae47 @ Thu Jul 30 06:58:38 UTC 2026
// 重构日志: 1018b364
// 同步 ID: cb7b0c81 @ Thu Jul 30 18:05:45 UTC 2026
// 重构日志: db04d1d0
// 重构日志: a23ce400
// 重构日志: e670802a
// 同步 ID: 1a02ab05 @ Wed Aug  5 03:31:25 UTC 2026
// 同步 ID: 5616c0ba @ Wed Aug  5 10:21:03 UTC 2026
// 重构日志: f56ef4c5
// 同步 ID: 09439888 @ Thu Aug  6 04:28:44 UTC 2026
// 重构日志: f33b8fc2
// 重构日志: 93659107
// 重构日志: 0e407b88
// 同步 ID: 6b349695 @ Fri Aug  7 17:44:23 UTC 2026
// 重构日志: 77dfb12a
// 同步 ID: e4881311 @ Sat Aug  8 09:09:51 UTC 2026
